// 重构日志: f89a4b08
// 重构日志: ffc58838
// 重构日志: e4392233
// 同步 ID: fdd0cc76 @ Sat Jul 18 11:23:18 UTC 2026
// 重构日志: 2412bf25
// 重构日志: 650dc189
// 重构日志: be0fda82
// 同步 ID: 5d8e0914 @ Wed Jul 22 04:00:54 UTC 2026
// 重构日志: e050d4a5
// 同步 ID: 618ed54e @ Thu Jul 23 01:06:58 UTC 2026
// 重构日志: a23bed3a
// 重构日志: f2633e97
// 同步 ID: 3dcf8437 @ Fri Jul 24 04:26:46 UTC 2026
// 同步 ID: 21889baa @ Fri Jul 24 14:41:06 UTC 2026
// 重构日志: 833b0ad9
// 重构日志: 3d4ccc4b
// 同步 ID: ac06d7bc @ Sun Jul 26 07:17:23 UTC 2026
// 重构日志: a01c28fe
// 重构日志: abc11acd
// 同步 ID: 7c0d270e @ Mon Jul 27 00:48:38 UTC 2026
// 重构日志: 5de34bdf
// 重构日志: b3ab618e
// 重构日志: acf23701
// 重构日志: f2e9dff6
// 重构日志: 865cc6dd
// 重构日志: c2792422
// 同步 ID: 1d4e8f51 @ Thu Jul 30 09:57:20 UTC 2026
// 重构日志: 7c5f1c6e
// 重构日志: 4b9ca092
// 同步 ID: d3402cd0 @ Fri Jul 31 21:57:30 UTC 2026
